U-Boot 1.1.4 (Dec 30 2008 - 11:23:20)

OMAP3-GP rev 2, CPU-OPP2 L3-165MHz
OMAP3EVM 1.0 Version + mPOP (Boot ONND)
DRAM:  128 MB
Using default environment

In:    serial
Out:   serial
Err:   serial
Reseting CHIP... Done
LAN9x18 (0x01150002) detected.
Setting mac address: aa:bb:cc:dd:ee:ff
start Auto negotiation... (take ~2sec)
Auto negotiation failed
Hit any key to stop autoboot:  0 

1857228 bytes read
## Booting image at 80000000 ...
   Image Name:   Linux-2.6.22.1-omap3
   Image Type:   ARM Linux Kernel Image (uncompressed)
   Data Size:    1857164 Bytes =  1.8 MB
   Load Address: 80008000
   Entry Point:  80008000
   Verifying Checksum ... OK
OK

Starting kernel ...

Uncompressing Linux......................................................................................................................... done, booting the kernel.
Linux version 2.6.22.1-omap3 (mingjun.zhang@IBM) (gcc version 4.1.1) #94 Thu Dec 25 03:27:47 CST 2008
CPU: ARMv7 Processor [411fc082] revision 2 (ARMv7), cr=00c5387f
Machine: OMAP3 omap3evm board
Memory policy: ECC disabled, Data cache writeback
OMAP3430ES1
SRAM: Mapped pa 0x40200000 to va 0xd7000000 size: 0x100000
CPU0: D VIPT write-through cache
CPU0: cache: 768 bytes, associativity 1, 8 byte lines, 64 sets
Built 1 zonelists.  Total pages: 32512
Kernel command line: mem=128M console=ttyS0,115200n8 noinitrd root=/dev/mmcblk0p2 rw rootfstype=ext3 rootdelay=2
GPMC revision 5.0
IRQ: Found an INTC at 0xd8200000 (revision 4.0) with 96 interrupts
Total of 96 interrupts on 1 active controller
OMAP34xx GPIO hardware version 2.5
PID hash table entries: 512 (order: 9, 2048 bytes)
Console: colour dummy device 80x30
Dentry cache hash table entries: 16384 (order: 4, 65536 bytes)
Inode-cache hash table entries: 8192 (order: 3, 32768 bytes)
Memory: 128MB = 128MB total
Memory: 125824KB available (3436K code, 499K data, 140K init)
Mount-cache hash table entries: 512
CPU: Testing write buffer coherency: ok
android_power_init
android_power_init done
NET: Registered protocol family 16
OneNAND: Unable to find configuration in GPMC
 MTD: Unable to find MTD configuration in GPMC  - not registering.
twl4030: I2C Client[3] is not initialized[512]
twl4030: I2C Client[3] is not initialized[461]
SmartReflex driver initialized
OMAP DMA hardware revision 4.0
OMAP Display hardware version 2.0
i2c_omap i2c_omap.1: bus 1 rev3.12 at 2600 kHz
i2c_omap i2c_omap.2: bus 2 rev3.12 at 100 kHz
i2c_omap i2c_omap.3: bus 3 rev3.12 at 400 kHz
TWL4030: TRY attach Slave TWL4030-ID0 on Adapter OMAP I2C adapter [1]
TWL4030: TRY attach Slave TWL4030-ID1 on Adapter OMAP I2C adapter [1]
TWL4030: TRY attach Slave TWL4030-ID2 on Adapter OMAP I2C adapter [1]
TWL4030: TRY attach Slave TWL4030-ID3 on Adapter OMAP I2C adapter [1]
TWL4030 Power Companion Active
<6>TWL4030: Driver registration complete.
Initialized TWL4030 USB module<5>SCSI subsystem initialized
usbcore: registered new interface driver usbfs
usbcore: registered new interface driver hub
usbcore: registered new device driver usb
musb_hdrc: version 2.2a/db-0.5.2/dbg, musb-dma, host, debug=1
musb_platform_resume 169: 
3430-resume()<7>HS USB OTG: revision 0x33, sysconfig 0x301d, sysstatus 0x1, intrfsel 0x1, simenable  0x0
musb_hdrc: USB Host mode controller at c8800000 using DMA, IRQ 92
musb_hdrc musb_hdrc.0: MUSB HDRC host driver
musb_hdrc musb_hdrc.0: new USB bus registered, assigned bus number 1
usb usb1: Product: MUSB HDRC host driver
usb usb1: Manufacturer: Linux 2.6.22.1-omap3 musb-hcd
usb usb1: SerialNumber: musb_hdrc.0
usb usb1: configuration #1 chosen from 1 choice
hub 1-0:1.0: USB hub found
hub 1-0:1.0: 1 port detected
musb_init_controller 2139: HOST mode, status 0, devctl 01 A
NET: Registered protocol family 2
Time: 32k_counter clocksource has been installed.
Switched to high resolution mode on CPU 0
musb_stage0_irq 597: OTG STATE: A_idle
musb_stage0_irq 638: VBUS_ERROR in a_idle (81, <SessEnd), retry #1, port1 00000100
IP route cache hash table entries: 1024 (order: 0, 4096 bytes)
TCP established hash table entries: 4096 (order: 3, 32768 bytes)
TCP bind hash table entries: 4096 (order: 2, 16384 bytes)
TCP: Hash tables configured (established 4096 bind 4096)
TCP reno registered
Power Management for TI OMAP.
cpuidle: using driver omap3_idle
create_proc_entry succeeded
create_proc_entry succeeded
ashmem: initialized
VFS: Disk quotas dquot_6.5.1
Dquot-cache hash table entries: 1024 (order 0, 4096 bytes)
JFFS2 version 2.2. (NAND) Â© 2001-2006 Red Hat, Inc.
io scheduler noop registered
io scheduler anticipatory registered (default)
io scheduler deadline registered
io scheduler cfq registered
musb_stage0_irq 597: OTG STATE: A_idle
musb_stage0_irq 638: VBUS_ERROR in a_idle (81, <SessEnd), retry #2, port1 00000100
omap24xxfb: Options "<NULL>"
Console: switching to colour frame buffer device 60x40
musb_stage0_irq 597: OTG STATE: A_idle
musb_stage0_irq 638: VBUS_ERROR in a_idle (81, <SessEnd), retry #3, port1 00000100
omap24xxfb: fb0 frame buffer device 
omap24xxfb: display mode 480x640x16 hsync 45kHz vsync 70Hz
OMAP Watchdog Timer Rev 0x31: initial timeout 60 sec
Serial: 8250/16550 driver $Revision: 1.90 $ 4 ports, IRQ sharing enabled
serial8250.0: ttyS0 at MMIO 0x4806a000 (irq = 72) is a ST16654
musb_stage0_irq 597: OTG STATE: A_idle
musb_stage0_irq 638: VBUS_ERROR in a_idle (80, <SessEnd), retry #3, port1 00080108
omap_set_vbus 97: VBUS b_idle, devctl 80 
serial8250.0: ttyS1 at MMIO 0x4806c000 (irq = 73) is a ST16654
serial8250.0: ttyS2 at MMIO 0x49020000 (irq = 74) is a ST16654
RAMDISK driver initialized: 16 RAM disks of 16384K size 1024 blocksize
loop: module loaded
smc911x: Driver version 2007-07-13.
Linux video capture interface: v2.00
omap24xxvout: registered device video1 [v4l2]
omap24xxvout: registered device video2 [v4l2]
i2c /dev entries driver
TWL4030 GPIO Demux: IRQ Range 376 to 386, Initialization Success
OMAP HDQ Hardware Revision 0.5. Driver in interrupt mode.
OMAP2 OneNAND driver initializing
usbmon: debugfs is not available
usbcore: registered new interface driver cdc_acm
drivers/usb/class/cdc-acm.c: v0.25:USB Abstract Control Model driver for USB modems and ISDN adapters
Initializing USB Mass Storage driver...
usbcore: registered new interface driver usb-storage
USB Mass Storage support registered.
usbcore: registered new interface driver usbtest
input: omap_twl4030keypad as /class/input/input0
ads7846 spi1.0: touchscreen, irq 335
input: ADS784x Touchscreen as /class/input/input1
usbcore: registered new interface driver usbhid
drivers/hid/usbhid/hid-core.c: v2.6:USB HID core driver
logger: created 64K log 'log_main'
logger: created 64K log 'log_events'
logger: created 64K log 'log_radio'
Advanced Linux Sound Architecture Driver Version 1.0.14 (Thu May 31 09:03:25 2007 UTC).
OMAP3430 TWL4030 Audio Support: Chip Rev[0x2f] Initialized
audio support initialized
ALSA device list:
  #0: TWL4030
TCP cubic registered
NET: Registered protocol family 1
NET: Registered protocol family 17
NET: Registered protocol family 15
drivers/rtc/hctosys.c: unable to open rtc device (rtc0)
cpuidle: using governor menu
Waiting 2sec before mounting root device...
mmc0: host does not support reading read-only switch. assuming write-enable.
mmcblk0: mmc0:cffc SD512 495488KiB 
 mmcblk0: p1 p2
kjournald starting.  Commit interval 5 seconds
EXT3 FS on mmcblk0p2, internal journal
EXT3-fs: recovery complete.
EXT3-fs: mounted filesystem with ordered data mode.
VFS: Mounted root (ext3 filesystem).
Freeing init memory: 140K
init started: BusyBox v1.9.1 (2008-03-11 18:18:52 IST)
starting pid 271, tty '': '/etc/init.d/rcS'

    System initialization...

    Hostname       : OMAP3EVM
    Filesystem     : v0.9.5

    Kernel release : Linux 2.6.22.1-omap3
    Kernel version : #94 Thu Dec 25 03:27:47 CST 2008

 Mounting /proc             : [SUCCESS]
 Mounting /sys              : [SUCCESS]
 Mounting /dev              : [SUCCESS]
 Mounting /dev/pts          : [SUCCESS]
 Enabling hot-plug          : [SUCCESS]
 Populating /dev            : [SUCCESS]
 Disabling Power mgmt       : [SUCCESS]
 Mounting other filesystems : [SUCCESS]
 Starting syslogd           : Jan  1 00:00:11 OMAP3EVM syslog.info syslogd started: BusyBox v1.9.1
[SUCCESS]
 Starting telnetd           : [SUCCESS]

System initialization complete.
 Starting Android Demo Application...

==================
 Starting Android 
==================

* Booting Android
init: cannot open '/initlogo.rle'
sh: can't access tty; job control turned off
# 
Please press Enter to activate this console